quality_first/part_00000.parquet 500000
quality_first/part_00001.parquet 500000
quality_first/part_00002.parquet 500000
quality_first/part_00003.parquet 500000
quality_first/part_00004.parquet 500000
quality_first/part_00005.parquet 500000
quality_first/part_00006.parquet 500000
quality_first/part_00007.parquet 500000
quality_first/part_00008.parquet 500000
quality_first/part_00009.parquet 500000
quality_first/part_00010.parquet 500000
quality_first/part_00011.parquet 500000
quality_first/part_00012.parquet 500000
quality_first/part_00013.parquet 500000
quality_first/part_00014.parquet 500000
quality_first/part_00015.parquet 500000
quality_first/part_00016.parquet 500000
quality_first/part_00017.parquet 500000
quality_first/part_00018.parquet 500000
quality_first/part_00019.parquet 500000
quality_first/part_00020.parquet 500000
quality_first/part_00021.parquet 500000
quality_first/part_00022.parquet 500000
quality_first/part_00023.parquet 500000
quality_first/part_00024.parquet 500000
quality_first/part_00025.parquet 500000
quality_first/part_00026.parquet 500000
quality_first/part_00027.parquet 500000
quality_first/part_00028.parquet 431473
